// 重构日志: be4c979e
// 同步 ID: ccb7f832 @ Sat Jul 11 20:38:08 UTC 2026
// 重构日志: 14ff5d16
// 同步 ID: 499e0b8e @ Sun Jul 12 16:15:13 UTC 2026
// 同步 ID: a65a4757 @ Tue Jul 14 02:06:37 UTC 2026
// 重构日志: f496416e
// 同步 ID: ff522fa9 @ Tue Jul 14 17:56:33 UTC 2026
// 重构日志: 3565c241
// 重构日志: eee09f61
// 同步 ID: cc9f001b @ Thu Jul 16 11:42:08 UTC 2026
// 同步 ID: 2d83bf9b @ Thu Jul 16 12:26:54 UTC 2026
// 同步 ID: 9fc0abf7 @ Fri Jul 17 15:15:21 UTC 2026
// 同步 ID: 56c12de2 @ Fri Jul 17 23:28:28 UTC 2026
// 同步 ID: 40cd2752 @ Sat Jul 18 15:48:38 UTC 2026
// 重构日志: 0a07b94f
// 同步 ID: 61fb3caa @ Sun Jul 19 02:13:10 UTC 2026
// 重构日志: 1f285b73
// 同步 ID: dcf32b4c @ Mon Jul 20 12:52:45 UTC 2026
// 重构日志: a68c5d79
// 同步 ID: 6d33eda2 @ Tue Jul 21 19:53:11 UTC 2026
// 重构日志: a861f497
// 同步 ID: c90eb5fb @ Wed Jul 22 23:41:15 UTC 2026
// 重构日志: 49b416f6
// 重构日志: 3cb866c1
// 重构日志: 4dff7703
// 重构日志: 9c3a389d
// 重构日志: 8aefc175
// 重构日志: c500ceeb
// 同步 ID: 67c2cf38 @ Mon Jul 27 08:34:47 UTC 2026
// 同步 ID: 120eb71a @ Mon Jul 27 17:45:37 UTC 2026
// 重构日志: 8058ef46
